// Vitest Snapshot v1, https://vitest.dev/guide/snapshot.html

exports[`GitHub Repository Button > should render component and match snapshot when mounted. 1`] = `"<a id="github-repository-link" class="p-button primary" href="https://www.github.com/antoinezanardi/werewolves-assistant-web-next" rel="noopener noreferrer" target="_blank"><span class="fa-github fab me-2"></span><span>GitHub</span></a>"`;
