// Vitest Snapshot v1, https://vitest.dev/guide/snapshot.html

exports[`Game Lobby Header Options Button Component > should match snapshot when rendered. 1`] = `
"<button class="p-button p-component p-button-info p-button-sm !border-sky-600" type="button" data-pc-name="button" data-p-disabled="false" data-p-severity="info" id="game-lobby-header-options-button" pc1="" data-pc-section="root" data-pd-ripple="true" style="overflow: hidden; position: relative;">
  <font-awesome-icon-stub icon="magic-wand-sparkles" border="false" fixedwidth="false" flip="false" listitem="false" pulse="false" swapopacity="false" spin="false" symbol="false" inverse="false" bounce="false" shake="false" beat="false" fade="false" beatfade="false" flash="false" spinpulse="false" spinreverse="false"></font-awesome-icon-stub><span id="button-text" class="hidden md:inline">Game options</span>
  <!--v-if--><span role="presentation" aria-hidden="true" data-p-ink="true" data-p-ink-active="false" class="p-ink" pd1="" data-pc-name="ripple" data-pc-section="root"></span>
</button>"
`;
