// Vitest Snapshot v1, https://vitest.dev/guide/snapshot.html

exports[`Role Flipping Image Svg Icon Component > should match snapshot when rendered. 1`] = `"<nuxt-img-stub alt="Role icon" height="75" src="/svg/werewolf.svg" width="75" preload="false" crossorigin="false" placeholder="/svg/misc/infinite-spinner.svg" id="role-flipping-image-svg-icon" class="absolute animate__bounceIn bottom-4 right-2"></nuxt-img-stub>"`;
