// Vitest Snapshot v1, https://vitest.dev/guide/snapshot.html

exports[`Game Team Side Component > should match snapshot when rendered. 1`] = `
"<div id="game-playground-team-side" class="flex flex-col h-full">
  <div class="flex items-center justify-evenly">
    <nuxt-img-stub alt="Villagers side" height="50" src="/svg/role/villager.svg" width="50" preload="false" crossorigin="false" placeholder="/svg/misc/infinite-spinner.svg"></nuxt-img-stub>
    <div>
      <h2 id="side-title" class="my-1 text-center">Villagers</h2>
      <h4 id="alive-team-players" class="my-1 text-center">components.GameTeamSide.aliveTeamPlayers, {"alivePlayers":0,"totalPlayers":0}</h4>
    </div>
    <div></div>
  </div>
  <divider-stub></divider-stub>
  <div id="team-players" class="flex flex-col grow overflow-y-auto"></div>
</div>"
`;
