// Vitest Snapshot v1, https://vitest.dev/guide/snapshot.html

exports[`Game Choose Card Playground Component > should match snapshot when rendered. 1`] = `
"<div id="game-choose-card-playground" class="flex gap-2 h-full items-center justify-center w-full">
  <game-choose-card-playground-additional-card-stub additionalcard="[object Object]" class="flex game-additional-card justify-center md:w-1/5 w-full"></game-choose-card-playground-additional-card-stub>
  <game-choose-card-playground-additional-card-stub additionalcard="[object Object]" class="flex game-additional-card justify-center md:w-1/5 w-full"></game-choose-card-playground-additional-card-stub>
  <game-choose-card-playground-additional-card-stub additionalcard="[object Object]" class="flex game-additional-card justify-center md:w-1/5 w-full"></game-choose-card-playground-additional-card-stub>
</div>"
`;

exports[`Game Choose Card Playground Component > should match snapshot without shallow rendering when render. 1`] = `
"<div id="game-choose-card-playground" class="flex gap-2 h-full items-center justify-center w-full">
  <div id="game-choose-card-playground-additional-card" class="flex game-additional-card justify-center md:w-1/5 w-full"><button id="additional-card-button" aria-label="components.GameChooseCardPlaygroundAdditionalCard.chooseCardForRecipient, {&quot;roleName&quot;:&quot;shared.role.name.seer&quot;,&quot;recipientDefiniteName&quot;:&quot;shared.role.definiteName.thief, 1&quot;}" class="border-4 border-transparent flex flex-col h-52 items-center me-2 p-3 rounded-lg" type="button" style="will-change: transform; transition: 300ms cubic-bezier(.03,.98,.52,.99); transform: perspective(1000px) rotateX(NaNdeg) rotateY(NaNdeg) scale3d(1, 1, 1);"><img class="w-[125px] h-[125px] border-4 border-gray-800 role-image rounded-lg h-[125px] w-[125px] mb-1 border-4 border-gray-800 role-image rounded-lg h-[125px] w-[125px] mb-1" width="125" height="125" alt="shared.role.name.seer" data-nuxt-img="" id="additional-card-image" src="/svg/misc/ripples.svg"><span id="additional-card-role-label" class="flex flex-col font-semibold grow justify-center">shared.role.name.seer</span>
      <div class="js-tilt-glare" style="position: absolute; top: 0px; left: 0px; width: 100%; height: 100%; overflow: hidden;">
        <div class="js-tilt-glare-inner" style="position: absolute; top: 50%; left: 50%; transform: rotate(180deg) translate(-50%, -50%); opacity: 0; width: 0px; height: 0px; transition: opacity 300ms cubic-bezier(.03,.98,.52,.99);"></div>
      </div>
    </button></div>
  <div id="game-choose-card-playground-additional-card" class="flex game-additional-card justify-center md:w-1/5 w-full"><button id="additional-card-button" aria-label="components.GameChooseCardPlaygroundAdditionalCard.chooseCardForRecipient, {&quot;roleName&quot;:&quot;shared.role.name.werewolf&quot;,&quot;recipientDefiniteName&quot;:&quot;shared.role.definiteName.thief, 1&quot;}" class="border-4 border-transparent flex flex-col h-52 items-center me-2 p-3 rounded-lg" type="button" style="will-change: transform; transition: 300ms cubic-bezier(.03,.98,.52,.99); transform: perspective(1000px) rotateX(NaNdeg) rotateY(NaNdeg) scale3d(1, 1, 1);"><img class="w-[125px] h-[125px] border-4 border-gray-800 role-image rounded-lg h-[125px] w-[125px] mb-1 border-4 border-gray-800 role-image rounded-lg h-[125px] w-[125px] mb-1" width="125" height="125" alt="shared.role.name.werewolf" data-nuxt-img="" id="additional-card-image" src="/svg/misc/ripples.svg"><span id="additional-card-role-label" class="flex flex-col font-semibold grow justify-center">shared.role.name.werewolf</span>
      <div class="js-tilt-glare" style="position: absolute; top: 0px; left: 0px; width: 100%; height: 100%; overflow: hidden;">
        <div class="js-tilt-glare-inner" style="position: absolute; top: 50%; left: 50%; transform: rotate(180deg) translate(-50%, -50%); opacity: 0; width: 0px; height: 0px; transition: opacity 300ms cubic-bezier(.03,.98,.52,.99);"></div>
      </div>
    </button></div>
  <div id="game-choose-card-playground-additional-card" class="flex game-additional-card justify-center md:w-1/5 w-full"><button id="additional-card-button" aria-label="components.GameChooseCardPlaygroundAdditionalCard.chooseCardForRecipient, {&quot;roleName&quot;:&quot;shared.role.name.hunter&quot;,&quot;recipientDefiniteName&quot;:&quot;shared.role.definiteName.thief, 1&quot;}" class="border-4 border-transparent flex flex-col h-52 items-center me-2 p-3 rounded-lg" type="button" style="will-change: transform; transition: 300ms cubic-bezier(.03,.98,.52,.99); transform: perspective(1000px) rotateX(NaNdeg) rotateY(NaNdeg) scale3d(1, 1, 1);"><img class="w-[125px] h-[125px] border-4 border-gray-800 role-image rounded-lg h-[125px] w-[125px] mb-1 border-4 border-gray-800 role-image rounded-lg h-[125px] w-[125px] mb-1" width="125" height="125" alt="shared.role.name.hunter" data-nuxt-img="" id="additional-card-image" src="/svg/misc/ripples.svg"><span id="additional-card-role-label" class="flex flex-col font-semibold grow justify-center">shared.role.name.hunter</span>
      <div class="js-tilt-glare" style="position: absolute; top: 0px; left: 0px; width: 100%; height: 100%; overflow: hidden;">
        <div class="js-tilt-glare-inner" style="position: absolute; top: 50%; left: 50%; transform: rotate(180deg) translate(-50%, -50%); opacity: 0; width: 0px; height: 0px; transition: opacity 300ms cubic-bezier(.03,.98,.52,.99);"></div>
      </div>
    </button></div>
</div>"
`;
