// Vitest Snapshot v1, https://vitest.dev/guide/snapshot.html

exports[`Game Lobby Role Picker Grid Element Badges Component > should match snapshot when rendered. 1`] = `
"<div id="game-lobby-role-picker-grid-element-badges">
  <!--v-if--><span class="p-badge p-component -right-4 absolute top-1" id="role-count-in-game-badge" data-testid="game-lobby-role-picker-role-count-in-game-badge" data-pc-name="badge" pc1="" data-pc-section="root" data-pd-tooltip="true"><svg class="svg-inline--fa fa-chess-pawn me-1" aria-hidden="true" focusable="false" data-prefix="fas" data-icon="chess-pawn" role="img" xmlns="http://www.w3.org/2000/svg" viewBox="0 0 320 512"><path class="" fill="currentColor" d="M215.5 224c29.2-18.4 48.5-50.9 48.5-88c0-57.4-46.6-104-104-104S56 78.6 56 136c0 37.1 19.4 69.6 48.5 88L96 224c-17.7 0-32 14.3-32 32c0 16.5 12.5 30 28.5 31.8L80 400l160 0L227.5 287.8c16-1.8 28.5-15.3 28.5-31.8c0-17.7-14.3-32-32-32l-8.5 0zM22.6 473.4c-4.2 4.2-6.6 10-6.6 16C16 501.9 26.1 512 38.6 512l242.7 0c12.5 0 22.6-10.1 22.6-22.6c0-6-2.4-11.8-6.6-16L256 432 64 432 22.6 473.4z"></path></svg><span>1</span></span><span class="p-badge p-component p-badge-danger -right-4 absolute top-8" id="role-min-count-in-game-badge" data-testid="game-lobby-role-picker-role-min-count-in-game-badge" data-pc-name="badge" pc2="" data-pc-section="root" data-pd-tooltip="true"><svg class="svg-inline--fa fa-exclamation-circle" aria-hidden="true" focusable="false" data-prefix="fas" data-icon="exclamation-circle" role="img" xmlns="http://www.w3.org/2000/svg" viewBox="0 0 512 512"><path class="" fill="currentColor" d="M256 512A256 256 0 1 0 256 0a256 256 0 1 0 0 512zm0-384c13.3 0 24 10.7 24 24l0 112c0 13.3-10.7 24-24 24s-24-10.7-24-24l0-112c0-13.3 10.7-24 24-24zM224 352a32 32 0 1 1 64 0 32 32 0 1 1 -64 0z"></path></svg></span>
</div>"
`;
