// Vitest Snapshot v1, https://vitest.dev/guide/snapshot.html

exports[`Game Lobby Options Hub Roles Tab Actor Component > should match snapshot when rendered. 1`] = `
"<fieldset class="p-fieldset p-component" id="game-lobby-options-hub-roles-tab-actor" data-pc-name="fieldset" data-pc-section="root" pc1="">
  <legend class="p-fieldset-legend !mx-auto md:!ml-4 !p-3 !px-6 mb-2 md:!mb-1" data-pc-section="legend">
    <game-option-role-legend-stub rolename="actor"></game-option-role-legend-stub>
  </legend>
  <transition-stub name="p-toggleable-content" appear="false" persisted="false" css="true">
    <div id="game-lobby-options-hub-roles-tab-actor_content" class="p-fieldset-content-container" role="region" aria-labelledby="game-lobby-options-hub-roles-tab-actor_header" data-pc-section="contentcontainer">
      <div class="p-fieldset-content" data-pc-section="content">
        <div id="game-lobby-options-hub-roles-tab-actor-is-powerless-on-werewolves-side-input-group">
          <div id="game-option-input-group" class="flex flex-col gap-2 items-center justify-between md:flex-row">
            <h3 id="game-option-label" class="flex gap-2 items-center md:text-left md:w-8/12 text-center w-full">
              <font-awesome-icon-stub icon="ban" border="false" fixedwidth="false" flip="false" listitem="false" pulse="false" swapopacity="false" spin="false" symbol="false" inverse="false" bounce="false" shake="false" beat="false" fade="false" beatfade="false" flash="false" spinpulse="false" spinreverse="false" id="game-option-label-icon" class="text-center text-red-500"></font-awesome-icon-stub><span class="grow md:pe-0 pe-3 text-pretty">The Actor is powerless on the Werewolves side</span>
            </h3>
            <div id="game-option-input" class="md:w-4/12 w-full">
              <affirmative-toggle-button-stub modelvalue="true" id="game-lobby-options-hub-roles-tab-actor-is-powerless-on-werewolves-side-input" class="w-full"></affirmative-toggle-button-stub>
            </div>
          </div>
          <p id="game-option-description" class="italic mt-3 text-gray-400">composables.useGameOptionsTexts.roles.actor.isPowerlessOnWerewolvesSide.yes</p>
          <!--v-if-->
        </div>
      </div>
    </div>
  </transition-stub>
</fieldset>"
`;
