// Vitest Snapshot v1, https://vitest.dev/guide/snapshot.html

exports[`Game Lobby Position Coordinator Component > should match snapshot when rendered. 1`] = `
"<!--teleport start-->
<!--teleport end-->"
`;
