// Vitest Snapshot v1, https://vitest.dev/guide/snapshot.html

exports[`Game Not Found Component > should match snapshot when rendered. 1`] = `"<div id="game-not-found"> GAME NOT FOUND </div>"`;
