// Vitest Snapshot v1, https://vitest.dev/guide/snapshot.html

exports[`Game Lobby Group Organizer Disclaimer Component > should match snapshot when rendered. 1`] = `
"<div id="game-lobby-group-organizer-disclaimer">
  <transition-stub mode="out-in" name="fade" appear="false" persisted="false" css="true">
    <h4 class="text-center">
      <font-awesome-icon-stub icon="exclamation-circle" border="false" fixedwidth="false" flip="false" listitem="false" pulse="false" swapopacity="false" spin="false" symbol="false" inverse="false" bounce="false" shake="false" beat="false" fade="false" beatfade="false" flash="false" spinpulse="false" spinreverse="false" id="groups-disclaimer-icon" class="me-3 text-error fa-beat"></font-awesome-icon-stub><span id="groups-disclaimer">components.GameLobbyGroupOrganizerDisclaimer.fillFirstGroup, {"count":2}</span>
    </h4>
  </transition-stub>
</div>"
`;
