// Vitest Snapshot v1, https://vitest.dev/guide/snapshot.html

exports[`Game Lobby Start Game Confirm Dialog Component > should match snapshot when rendered. 1`] = `
"<!--teleport start-->
<!--teleport end-->"
`;
